// Vitest Snapshot v1, https://vitest.dev/guide/snapshot.html

exports[`TableRow component > renders 1`] = `
<div>
  <table>
    <tbody>
      <tr>
        <td
          class="table-cell"
        >
          Supercalifragilisticexpialidocious
        </td>
        <td>
          <div
            class="bar-graph-container"
            data-testid="barGraphContainer"
          >
            <div
              class="bar-graph"
              data-testid="barGraph"
              style="width: 23.123%;"
            />
          </div>
          <div
            class="table-cell"
          >
            23
            %
          </div>
        </td>
      </tr>
    </tbody>
  </table>
</div>
`;
